// Jest Snapshot v1, https://goo.gl/fbAQLP

exports[`<Repository /> Should render correctly 1`] = `
<div>
  <div
    class="MuiBox-root css-vb578k"
  >
    <div
      class="MuiContainer-root MuiContainer-maxWidthLg css-mednve-MuiContainer-root"
    >
      <div
        class="MuiBox-root css-bbsvb3"
      >
        <div
          class="MuiBox-root css-9jay18"
        >
          <div
            class="MuiBox-root css-j7qwjs"
          >
            <div
              class="MuiBox-root css-k008qs"
            >
              <h4
                class="MuiTypography-root MuiTypography-h4 css-obdthj-MuiTypography-root"
              >
                Reposit√≥rio
              </h4>
              <h4
                class="MuiTypography-root MuiTypography-h4 css-r2wbd1-MuiTypography-root"
              />
            </div>
            <span
              class="MuiTypography-root MuiTypography-caption css-qkcnm0-MuiTypography-root"
            />
          </div>
          <div
            class="MuiBox-root css-0"
          >
            <button
              class="MuiButtonBase-root MuiIconButton-root MuiIconButton-sizeMedium css-78trlr-MuiButtonBase-root-MuiIconButton-root"
              tabindex="0"
              type="button"
            >
              <svg
                aria-hidden="true"
                class="MuiSvgIcon-root MuiSvgIcon-fontSizeMedium css-i4bv87-MuiSvgIcon-root"
                data-testid="SettingsIcon"
                focusable="false"
                viewBox="0 0 24 24"
              >
                <path
                  d="M19.14 12.94c.04-.3.06-.61.06-.94 0-.32-.02-.64-.07-.94l2.03-1.58c.18-.14.23-.41.12-.61l-1.92-3.32c-.12-.22-.37-.29-.59-.22l-2.39.96c-.5-.38-1.03-.7-1.62-.94l-.36-2.54c-.04-.24-.24-.41-.48-.41h-3.84c-.24 0-.43.17-.47.41l-.36 2.54c-.59.24-1.13.57-1.62.94l-2.39-.96c-.22-.08-.47 0-.59.22L2.74 8.87c-.12.21-.08.47.12.61l2.03 1.58c-.05.3-.09.63-.09.94s.02.64.07.94l-2.03 1.58c-.18.14-.23.41-.12.61l1.92 3.32c.12.22.37.29.59.22l2.39-.96c.5.38 1.03.7 1.62.94l.36 2.54c.05.24.24.41.48.41h3.84c.24 0 .44-.17.47-.41l.36-2.54c.59-.24 1.13-.56 1.62-.94l2.39.96c.22.08.47 0 .59-.22l1.92-3.32c.12-.22.07-.47-.12-.61l-2.01-1.58zM12 15.6c-1.98 0-3.6-1.62-3.6-3.6s1.62-3.6 3.6-3.6 3.6 1.62 3.6 3.6-1.62 3.6-3.6 3.6z"
                />
              </svg>
              <span
                class="MuiTouchRipple-root css-8je8zh-MuiTouchRipple-root"
              />
            </button>
            <button
              class="MuiButtonBase-root MuiIconButton-root MuiIconButton-sizeMedium css-78trlr-MuiButtonBase-root-MuiIconButton-root"
              tabindex="0"
              type="button"
            >
              <svg
                aria-hidden="true"
                class="MuiSvgIcon-root MuiSvgIcon-fontSizeMedium css-i4bv87-MuiSvgIcon-root"
                data-testid="ContentCopyIcon"
                focusable="false"
                viewBox="0 0 24 24"
              >
                <path
                  d="M16 1H4c-1.1 0-2 .9-2 2v14h2V3h12V1zm3 4H8c-1.1 0-2 .9-2 2v14c0 1.1.9 2 2 2h11c1.1 0 2-.9 2-2V7c0-1.1-.9-2-2-2zm0 16H8V7h11v14z"
                />
              </svg>
              <span
                class="MuiTouchRipple-root css-8je8zh-MuiTouchRipple-root"
              />
            </button>
          </div>
        </div>
        <div />
        <div
          class="MuiBox-root css-1ntb6q6"
        >
          <h2
            style="color: rgb(17, 61, 76); font-weight: 500; font-size: 25px;"
          >
            repository.characteristic
          </h2>
          <div
            class="MuiBox-root css-1vr4rvm"
            style="width: 50%;"
          >
            <button
              class="MuiButtonBase-root MuiButton-root MuiButton-contained MuiButton-containedPrimary MuiButton-sizeMedium MuiButton-containedSizeMedium MuiButton-root MuiButton-contained MuiButton-containedPrimary MuiButton-sizeMedium MuiButton-containedSizeMedium css-sghohy-MuiButtonBase-root-MuiButton-root"
              tabindex="0"
              type="button"
            >
              history
              <span
                class="MuiTouchRipple-root css-8je8zh-MuiTouchRipple-root"
              />
            </button>
            <button
              class="MuiButtonBase-root MuiButton-root MuiButton-outlined MuiButton-outlinedPrimary MuiButton-sizeMedium MuiButton-outlinedSizeMedium MuiButton-root MuiButton-outlined MuiButton-outlinedPrimary MuiButton-sizeMedium MuiButton-outlinedSizeMedium css-1rwt2y5-MuiButtonBase-root-MuiButton-root"
              tabindex="0"
              type="button"
            >
              current-scenario
              <span
                class="MuiTouchRipple-root css-8je8zh-MuiTouchRipple-root"
              />
            </button>
          </div>
        </div>
        <div
          class="MuiBox-root css-1880h6w"
        >
          <div
            class="MuiTabs-root MuiTabs-vertical css-tf8uax-MuiTabs-root"
          >
            <div
              class="MuiTabs-scroller MuiTabs-fixed css-jpln7h-MuiTabs-scroller"
              style="overflow: hidden; margin-right: 0px;"
            >
              <div
                aria-orientation="vertical"
                class="MuiTabs-flexContainer MuiTabs-flexContainerVertical css-lfwcke-MuiTabs-flexContainer"
                role="tablist"
              >
                <button
                  aria-controls="vertical-tab1panel-0"
                  aria-selected="true"
                  class="MuiButtonBase-root MuiTab-root MuiTab-textColorPrimary Mui-selected css-bavzl3-MuiButtonBase-root-MuiTab-root"
                  id="vertical-tab1-0"
                  role="tab"
                  tabindex="0"
                  type="button"
                >
                  <svg
                    aria-hidden="true"
                    class="MuiSvgIcon-root MuiSvgIcon-fontSizeMedium css-lydjla-MuiSvgIcon-root"
                    data-testid="SsidChartIcon"
                    focusable="false"
                    viewBox="0 0 24 24"
                  >
                    <path
                      d="M21 5.47 12 12 7.62 7.62 3 11V8.52L7.83 5l4.38 4.38L21 3v2.47zM21 15h-4.7l-4.17 3.34L6 12.41l-3 2.13V17l2.8-2 6.2 6 5-4h4v-2z"
                    />
                  </svg>
                  <span
                    class="MuiTouchRipple-root css-8je8zh-MuiTouchRipple-root"
                  />
                </button>
                <button
                  aria-controls="vertical-tab1panel-1"
                  aria-selected="false"
                  class="MuiButtonBase-root MuiTab-root MuiTab-textColorPrimary css-bavzl3-MuiButtonBase-root-MuiTab-root"
                  id="vertical-tab1-1"
                  role="tab"
                  tabindex="-1"
                  type="button"
                >
                  <svg
                    aria-hidden="true"
                    class="MuiSvgIcon-root MuiSvgIcon-fontSizeMedium css-lydjla-MuiSvgIcon-root"
                    data-testid="LineAxisIcon"
                    focusable="false"
                    viewBox="0 0 24 24"
                  >
                    <path
                      d="m22 7.43-1.41-1.41-4.03 4.53L9.5 4 2 11.51l1.5 1.5 6.14-6.15 5.59 5.18-1.73 1.95-4-4L2 17.5 3.5 19l6-6.01 4 4 3.19-3.59 3.9 3.61L22 15.6l-3.98-3.7z"
                    />
                  </svg>
                  <span
                    class="MuiTouchRipple-root css-8je8zh-MuiTouchRipple-root"
                  />
                </button>
              </div>
              <span
                class="MuiTabs-indicator css-10d9dml-MuiTabs-indicator"
                style="top: 0px; height: 0px;"
              />
            </div>
          </div>
          <div
            aria-labelledby="vertical-tab-0"
            class="MuiBox-root css-1njwyir"
            id="vertical-tabpanel-0"
            role="tabpanel"
          >
            <span
              class="MuiSkeleton-root MuiSkeleton-rectangular MuiSkeleton-pulse css-153n0d3-MuiSkeleton-root"
              style="height: 300px;"
            />
          </div>
          <div
            aria-labelledby="vertical-tab-1"
            class="MuiBox-root css-1nw0r8e"
            id="vertical-tabpanel-1"
            role="tabpanel"
          >
            <div
              class="MuiBox-root css-13kcqfm"
              style="opacity: 1; webkit-transition: opacity 1500ms cubic-bezier(0.4, 0, 0.2, 1) 0ms; transition: opacity 1500ms cubic-bezier(0.4, 0, 0.2, 1) 0ms;"
            >
              <div
                _echarts_instance_="ec_123"
                class="echarts-for-react "
                size-sensor-id="2"
                style="height: 300px; webkit-user-select: none; user-select: none; -webkit-tap-highlight-color: rgba(0, 0, 0, 0);"
              >
                <div
                  style="position: relative; width: 0px; height: 300px; padding: 0px; margin: 0px; border-width: 0px;"
                />
                <object
                  class="size-sensor-object"
                  data="about:blank"
                  style="display: block; position: absolute; top: 0px; left: 0px; height: 100%; width: 100%; overflow: hidden; pointer-events: none; z-index: -1; opacity: 0;"
                  tabindex="-1"
                  type="text/html"
                />
              </div>
            </div>
          </div>
        </div>
        <div
          class="MuiBox-root css-1ntb6q6"
        >
          <h2
            style="color: rgb(17, 61, 76); font-weight: 500; font-size: 25px;"
          >
            repository.sub-characteristic
          </h2>
          <div
            class="MuiBox-root css-1vr4rvm"
            style="width: 50%;"
          >
            <button
              class="MuiButtonBase-root MuiButton-root MuiButton-contained MuiButton-containedPrimary MuiButton-sizeMedium MuiButton-containedSizeMedium MuiButton-root MuiButton-contained MuiButton-containedPrimary MuiButton-sizeMedium MuiButton-containedSizeMedium css-sghohy-MuiButtonBase-root-MuiButton-root"
              tabindex="0"
              type="button"
            >
              history
              <span
                class="MuiTouchRipple-root css-8je8zh-MuiTouchRipple-root"
              />
            </button>
            <button
              class="MuiButtonBase-root MuiButton-root MuiButton-outlined MuiButton-outlinedPrimary MuiButton-sizeMedium MuiButton-outlinedSizeMedium MuiButton-root MuiButton-outlined MuiButton-outlinedPrimary MuiButton-sizeMedium MuiButton-outlinedSizeMedium css-1rwt2y5-MuiButtonBase-root-MuiButton-root"
              tabindex="0"
              type="button"
            >
              current-scenario
              <span
                class="MuiTouchRipple-root css-8je8zh-MuiTouchRipple-root"
              />
            </button>
          </div>
        </div>
        <div
          class="MuiBox-root css-1880h6w"
        >
          <div
            class="MuiTabs-root MuiTabs-vertical css-tf8uax-MuiTabs-root"
          >
            <div
              class="MuiTabs-scroller MuiTabs-fixed css-jpln7h-MuiTabs-scroller"
              style="overflow: hidden; margin-right: 0px;"
            >
              <div
                aria-orientation="vertical"
                class="MuiTabs-flexContainer MuiTabs-flexContainerVertical css-lfwcke-MuiTabs-flexContainer"
                role="tablist"
              >
                <button
                  aria-controls="vertical-tab1panel-0"
                  aria-selected="true"
                  class="MuiButtonBase-root MuiTab-root MuiTab-textColorPrimary Mui-selected css-bavzl3-MuiButtonBase-root-MuiTab-root"
                  id="vertical-tab1-0"
                  role="tab"
                  tabindex="0"
                  type="button"
                >
                  <svg
                    aria-hidden="true"
                    class="MuiSvgIcon-root MuiSvgIcon-fontSizeMedium css-lydjla-MuiSvgIcon-root"
                    data-testid="LineAxisIcon"
                    focusable="false"
                    viewBox="0 0 24 24"
                  >
                    <path
                      d="m22 7.43-1.41-1.41-4.03 4.53L9.5 4 2 11.51l1.5 1.5 6.14-6.15 5.59 5.18-1.73 1.95-4-4L2 17.5 3.5 19l6-6.01 4 4 3.19-3.59 3.9 3.61L22 15.6l-3.98-3.7z"
                    />
                  </svg>
                  <span
                    class="MuiTouchRipple-root css-8je8zh-MuiTouchRipple-root"
                  />
                </button>
              </div>
              <span
                class="MuiTabs-indicator css-10d9dml-MuiTabs-indicator"
                style="top: 0px; height: 0px;"
              />
            </div>
          </div>
          <div
            aria-labelledby="vertical-tab-0"
            class="MuiBox-root css-1njwyir"
            id="vertical-tabpanel-0"
            role="tabpanel"
          >
            <span
              class="MuiSkeleton-root MuiSkeleton-rectangular MuiSkeleton-pulse css-153n0d3-MuiSkeleton-root"
              style="height: 300px;"
            />
          </div>
        </div>
        <div
          class="MuiBox-root css-1ntb6q6"
        >
          <h2
            style="color: rgb(17, 61, 76); font-weight: 500; font-size: 25px;"
          >
            repository.measure
          </h2>
          <div
            class="MuiBox-root css-1vr4rvm"
            style="width: 50%;"
          >
            <button
              class="MuiButtonBase-root MuiButton-root MuiButton-contained MuiButton-containedPrimary MuiButton-sizeMedium MuiButton-containedSizeMedium MuiButton-root MuiButton-contained MuiButton-containedPrimary MuiButton-sizeMedium MuiButton-containedSizeMedium css-sghohy-MuiButtonBase-root-MuiButton-root"
              tabindex="0"
              type="button"
            >
              history
              <span
                class="MuiTouchRipple-root css-8je8zh-MuiTouchRipple-root"
              />
            </button>
            <button
              class="MuiButtonBase-root MuiButton-root MuiButton-outlined MuiButton-outlinedPrimary MuiButton-sizeMedium MuiButton-outlinedSizeMedium MuiButton-root MuiButton-outlined MuiButton-outlinedPrimary MuiButton-sizeMedium MuiButton-outlinedSizeMedium css-1rwt2y5-MuiButtonBase-root-MuiButton-root"
              tabindex="0"
              type="button"
            >
              current-scenario
              <span
                class="MuiTouchRipple-root css-8je8zh-MuiTouchRipple-root"
              />
            </button>
          </div>
        </div>
        <div
          class="MuiBox-root css-1880h6w"
        >
          <div
            class="MuiTabs-root MuiTabs-vertical css-tf8uax-MuiTabs-root"
          >
            <div
              class="MuiTabs-scroller MuiTabs-fixed css-jpln7h-MuiTabs-scroller"
              style="overflow: hidden; margin-right: 0px;"
            >
              <div
                aria-orientation="vertical"
                class="MuiTabs-flexContainer MuiTabs-flexContainerVertical css-lfwcke-MuiTabs-flexContainer"
                role="tablist"
              >
                <button
                  aria-controls="vertical-tab1panel-0"
                  aria-selected="true"
                  class="MuiButtonBase-root MuiTab-root MuiTab-textColorPrimary Mui-selected css-bavzl3-MuiButtonBase-root-MuiTab-root"
                  id="vertical-tab1-0"
                  role="tab"
                  tabindex="0"
                  type="button"
                >
                  <svg
                    aria-hidden="true"
                    class="MuiSvgIcon-root MuiSvgIcon-fontSizeMedium css-lydjla-MuiSvgIcon-root"
                    data-testid="LineAxisIcon"
                    focusable="false"
                    viewBox="0 0 24 24"
                  >
                    <path
                      d="m22 7.43-1.41-1.41-4.03 4.53L9.5 4 2 11.51l1.5 1.5 6.14-6.15 5.59 5.18-1.73 1.95-4-4L2 17.5 3.5 19l6-6.01 4 4 3.19-3.59 3.9 3.61L22 15.6l-3.98-3.7z"
                    />
                  </svg>
                  <span
                    class="MuiTouchRipple-root css-8je8zh-MuiTouchRipple-root"
                  />
                </button>
              </div>
              <span
                class="MuiTabs-indicator css-10d9dml-MuiTabs-indicator"
                style="top: 0px; height: 0px;"
              />
            </div>
          </div>
          <div
            aria-labelledby="vertical-tab-0"
            class="MuiBox-root css-1njwyir"
            id="vertical-tabpanel-0"
            role="tabpanel"
          >
            <span
              class="MuiSkeleton-root MuiSkeleton-rectangular MuiSkeleton-pulse css-153n0d3-MuiSkeleton-root"
              style="height: 300px;"
            />
          </div>
        </div>
        <div
          class="MuiBox-root css-jzh824"
        >
          <h2
            style="color: rgb(17, 61, 76); font-weight: 500; font-size: 25px;"
          >
            repository.measure-history
          </h2>
        </div>
        <div
          class="MuiBox-root css-13kcqfm"
          style="opacity: 1; webkit-transition: opacity 1500ms cubic-bezier(0.4, 0, 0.2, 1) 0ms; transition: opacity 1500ms cubic-bezier(0.4, 0, 0.2, 1) 0ms;"
        >
          <div
            _echarts_instance_="ec_123"
            class="echarts-for-react "
            size-sensor-id="5"
            style="height: 300px; webkit-user-select: none; user-select: none; -webkit-tap-highlight-color: rgba(0, 0, 0, 0);"
          >
            <div
              style="position: relative; width: 0px; height: 300px; padding: 0px; margin: 0px; border-width: 0px;"
            />
            <object
              class="size-sensor-object"
              data="about:blank"
              style="display: block; position: absolute; top: 0px; left: 0px; height: 100%; width: 100%; overflow: hidden; pointer-events: none; z-index: -1; opacity: 0;"
              tabindex="-1"
              type="text/html"
            />
          </div>
        </div>
        <div
          class="MuiBox-root css-13kcqfm"
          style="opacity: 1; webkit-transition: opacity 1500ms cubic-bezier(0.4, 0, 0.2, 1) 0ms; transition: opacity 1500ms cubic-bezier(0.4, 0, 0.2, 1) 0ms;"
        >
          <div
            _echarts_instance_="ec_123"
            class="echarts-for-react "
            size-sensor-id="6"
            style="height: 300px; webkit-user-select: none; user-select: none; -webkit-tap-highlight-color: rgba(0, 0, 0, 0);"
          >
            <div
              style="position: relative; width: 0px; height: 300px; padding: 0px; margin: 0px; border-width: 0px;"
            />
            <object
              class="size-sensor-object"
              data="about:blank"
              style="display: block; position: absolute; top: 0px; left: 0px; height: 100%; width: 100%; overflow: hidden; pointer-events: none; z-index: -1; opacity: 0;"
              tabindex="-1"
              type="text/html"
            />
          </div>
        </div>
        <div
          class="MuiBox-root css-jzh824"
        >
          <h2
            style="color: rgb(17, 61, 76); font-weight: 500; font-size: 25px;"
          >
            repository.measure-history
          </h2>
        </div>
        <span
          class="MuiSkeleton-root MuiSkeleton-rectangular MuiSkeleton-pulse css-153n0d3-MuiSkeleton-root"
          style="height: 300px;"
        />
        <div
          class="MuiBox-root css-13kcqfm"
          style="opacity: 1; webkit-transition: opacity 1500ms cubic-bezier(0.4, 0, 0.2, 1) 0ms; transition: opacity 1500ms cubic-bezier(0.4, 0, 0.2, 1) 0ms;"
        >
          <div
            _echarts_instance_="ec_123"
            class="echarts-for-react "
            size-sensor-id="8"
            style="height: 300px; webkit-user-select: none; user-select: none; -webkit-tap-highlight-color: rgba(0, 0, 0, 0);"
          >
            <div
              style="position: relative; width: 0px; height: 300px; padding: 0px; margin: 0px; border-width: 0px;"
            />
            <object
              class="size-sensor-object"
              data="about:blank"
              style="display: block; position: absolute; top: 0px; left: 0px; height: 100%; width: 100%; overflow: hidden; pointer-events: none; z-index: -1; opacity: 0;"
              tabindex="-1"
              type="text/html"
            />
          </div>
        </div>
        <div
          class="MuiBox-root css-10khgmf"
        >
          <span
            class="MuiSkeleton-root MuiSkeleton-text MuiSkeleton-pulse css-j70xtz-MuiSkeleton-root"
          />
        </div>
      </div>
    </div>
  </div>
</div>
`;
