// Jest Snapshot v1, https://goo.gl/fbAQLP

exports[`<Layout /> Snapshot Deve corresponder ao Snapshot 1`] = `
Object {
  "asFragment": [Function],
  "baseElement": <body>
    <div>
      <div
        class="styles__LayoutGrid-sc-1vn80o5-0 imgYUJ"
      >
        <div
          class="styles__SideMenuArea-sc-1vn80o5-1 hhwMgH"
        >
          <div
            class="styles__Wrapper-sc-b15uhj-0 efyOnI"
          >
            <img
              class="styles__Logo-sc-b15uhj-3 yTGjF"
              height="30"
              src="/images/svg/logo.svg"
            />
            <div
              class="MuiBox-root css-10wzbhq"
            >
              <div
                aria-label="Seleção de Organização"
                class="styles__Wrapper-sc-13gge7k-0 PRxzx"
                data-mui-internal-clone-element="true"
              >
                <div
                  class="styles__IconContainer-sc-13gge7k-1 iqhYai"
                >
                  <div
                    class="MuiBox-root css-zl7mak"
                  >
                    <div
                      class="MuiAvatar-root MuiAvatar-circular MuiAvatar-colorDefault css-12cgry1-MuiAvatar-root"
                    >
                      ?
                    </div>
                    <div
                      class="styles__IconContainer-sc-nul2ic-0 jxOkDc"
                    >
                      <svg
                        fill="currentColor"
                        height="1em"
                        stroke="currentColor"
                        stroke-width="0"
                        viewBox="0 0 16 16"
                        width="1em"
                        xmlns="http://www.w3.org/2000/svg"
                      >
                        <path
                          d="M3 0a1 1 0 0 0-1 1v14a1 1 0 0 0 1 1h3v-3.5a.5.5 0 0 1 .5-.5h3a.5.5 0 0 1 .5.5V16h3a1 1 0 0 0 1-1V1a1 1 0 0 0-1-1H3Zm1 2.5a.5.5 0 0 1 .5-.5h1a.5.5 0 0 1 .5.5v1a.5.5 0 0 1-.5.5h-1a.5.5 0 0 1-.5-.5v-1Zm3 0a.5.5 0 0 1 .5-.5h1a.5.5 0 0 1 .5.5v1a.5.5 0 0 1-.5.5h-1a.5.5 0 0 1-.5-.5v-1Zm3.5-.5h1a.5.5 0 0 1 .5.5v1a.5.5 0 0 1-.5.5h-1a.5.5 0 0 1-.5-.5v-1a.5.5 0 0 1 .5-.5ZM4 5.5a.5.5 0 0 1 .5-.5h1a.5.5 0 0 1 .5.5v1a.5.5 0 0 1-.5.5h-1a.5.5 0 0 1-.5-.5v-1ZM7.5 5h1a.5.5 0 0 1 .5.5v1a.5.5 0 0 1-.5.5h-1a.5.5 0 0 1-.5-.5v-1a.5.5 0 0 1 .5-.5Zm2.5.5a.5.5 0 0 1 .5-.5h1a.5.5 0 0 1 .5.5v1a.5.5 0 0 1-.5.5h-1a.5.5 0 0 1-.5-.5v-1ZM4.5 8h1a.5.5 0 0 1 .5.5v1a.5.5 0 0 1-.5.5h-1a.5.5 0 0 1-.5-.5v-1a.5.5 0 0 1 .5-.5Zm2.5.5a.5.5 0 0 1 .5-.5h1a.5.5 0 0 1 .5.5v1a.5.5 0 0 1-.5.5h-1a.5.5 0 0 1-.5-.5v-1Zm3.5-.5h1a.5.5 0 0 1 .5.5v1a.5.5 0 0 1-.5.5h-1a.5.5 0 0 1-.5-.5v-1a.5.5 0 0 1 .5-.5Z"
                        />
                      </svg>
                    </div>
                  </div>
                </div>
                <div
                  class="MuiBox-root css-ofjrfz"
                >
                  Selecione a Organização
                </div>
                <div
                  class="MuiBox-root css-1p2jtab"
                >
                  <svg
                    fill="none"
                    height="1em"
                    stroke="currentColor"
                    stroke-linecap="round"
                    stroke-linejoin="round"
                    stroke-width="2"
                    viewBox="0 0 24 24"
                    width="1em"
                    xmlns="http://www.w3.org/2000/svg"
                  >
                    <polyline
                      points="17 1 21 5 17 9"
                    />
                    <path
                      d="M3 11V9a4 4 0 0 1 4-4h14"
                    />
                    <polyline
                      points="7 23 3 19 7 15"
                    />
                    <path
                      d="M21 13v2a4 4 0 0 1-4 4H3"
                    />
                  </svg>
                </div>
              </div>
            </div>
            <div
              class="MuiBox-root css-10wzbhq"
            >
              <div
                aria-label="Seleção de Produto"
                class="styles__Wrapper-sc-13gge7k-0 PRxzx"
                data-mui-internal-clone-element="true"
              >
                <div
                  class="styles__IconContainer-sc-13gge7k-1 iqhYai"
                >
                  <div
                    class="MuiBox-root css-zl7mak"
                  >
                    <div
                      class="MuiAvatar-root MuiAvatar-circular MuiAvatar-colorDefault css-12cgry1-MuiAvatar-root"
                    >
                      ?
                    </div>
                    <div
                      class="styles__IconContainer-sc-nul2ic-0 jxOkDc"
                    >
                      <svg
                        fill="none"
                        height="1em"
                        stroke="currentColor"
                        stroke-linecap="round"
                        stroke-linejoin="round"
                        stroke-width="2"
                        viewBox="0 0 24 24"
                        width="1em"
                        xmlns="http://www.w3.org/2000/svg"
                      >
                        <path
                          d="M21 16V8a2 2 0 0 0-1-1.73l-7-4a2 2 0 0 0-2 0l-7 4A2 2 0 0 0 3 8v8a2 2 0 0 0 1 1.73l7 4a2 2 0 0 0 2 0l7-4A2 2 0 0 0 21 16z"
                        />
                        <polyline
                          points="3.27 6.96 12 12.01 20.73 6.96"
                        />
                        <line
                          x1="12"
                          x2="12"
                          y1="22.08"
                          y2="12"
                        />
                      </svg>
                    </div>
                  </div>
                </div>
                <div
                  class="MuiBox-root css-ofjrfz"
                >
                  Selecione o Produto
                </div>
                <div
                  class="MuiBox-root css-1p2jtab"
                >
                  <svg
                    fill="none"
                    height="1em"
                    stroke="currentColor"
                    stroke-linecap="round"
                    stroke-linejoin="round"
                    stroke-width="2"
                    viewBox="0 0 24 24"
                    width="1em"
                    xmlns="http://www.w3.org/2000/svg"
                  >
                    <polyline
                      points="17 1 21 5 17 9"
                    />
                    <path
                      d="M3 11V9a4 4 0 0 1 4-4h14"
                    />
                    <polyline
                      points="7 23 3 19 7 15"
                    />
                    <path
                      d="M21 13v2a4 4 0 0 1-4 4H3"
                    />
                  </svg>
                </div>
              </div>
            </div>
            <div
              class="styles__CollapseButton-sc-b15uhj-2 kactQp"
            >
              <svg
                aria-hidden="true"
                class="MuiSvgIcon-root MuiSvgIcon-fontSizeLarge css-tzssek-MuiSvgIcon-root"
                data-testid="NavigateBeforeRoundedIcon"
                focusable="false"
                viewBox="0 0 24 24"
              >
                <path
                  d="M14.91 6.71a.9959.9959 0 0 0-1.41 0L8.91 11.3c-.39.39-.39 1.02 0 1.41l4.59 4.59c.39.39 1.02.39 1.41 0 .39-.39.39-1.02 0-1.41L11.03 12l3.88-3.88c.38-.39.38-1.03 0-1.41z"
                />
              </svg>
            </div>
            <hr
              class="MuiDivider-root MuiDivider-fullWidth css-wblo9e-MuiDivider-root"
            />
            <div
              class="styles__ItemContainer-sc-b15uhj-1 hQkTLK"
            />
            <hr
              class="MuiDivider-root MuiDivider-fullWidth css-z005vp-MuiDivider-root"
            />
            <div
              class="MuiBox-root css-10wzbhq"
            >
              <div
                aria-label="Menu de usuário"
                class="styles__Wrapper-sc-13gge7k-0 PRxzx"
                data-mui-internal-clone-element="true"
              >
                <div
                  class="styles__IconContainer-sc-13gge7k-1 iqhYai"
                >
                  <div
                    class="MuiAvatar-root MuiAvatar-circular MuiAvatar-colorDefault css-382zf-MuiAvatar-root"
                  >
                    <svg
                      aria-hidden="true"
                      class="MuiSvgIcon-root MuiSvgIcon-fontSizeMedium MuiAvatar-fallback css-10mi8st-MuiSvgIcon-root-MuiAvatar-fallback"
                      data-testid="PersonIcon"
                      focusable="false"
                      viewBox="0 0 24 24"
                    >
                      <path
                        d="M12 12c2.21 0 4-1.79 4-4s-1.79-4-4-4-4 1.79-4 4 1.79 4 4 4zm0 2c-2.67 0-8 1.34-8 4v2h16v-2c0-2.66-5.33-4-8-4z"
                      />
                    </svg>
                  </div>
                </div>
                <div
                  class="MuiBox-root css-ofjrfz"
                >
                  ???
                </div>
                <div
                  class="MuiBox-root css-1p2jtab"
                >
                  <svg
                    fill="none"
                    font-size="28"
                    height="1em"
                    stroke="currentColor"
                    stroke-linecap="round"
                    stroke-linejoin="round"
                    stroke-width="2"
                    viewBox="0 0 24 24"
                    width="1em"
                    xmlns="http://www.w3.org/2000/svg"
                  >
                    <polyline
                      points="9 18 15 12 9 6"
                    />
                  </svg>
                </div>
              </div>
            </div>
          </div>
        </div>
        <div
          class="styles__MainContentArea-sc-1vn80o5-2 jdRHxL"
        >
          <div
            class="styles__Wrapper-sc-qmak3r-0 ijzQmD"
          >
            <div
              class="MuiContainer-root MuiContainer-maxWidthLg css-1oqqzyl-MuiContainer-root"
            >
              <div
                class="MuiBox-root css-j7qwjs"
              >
                <nav
                  class="MuiTypography-root MuiTypography-body1 MuiBreadcrumbs-root css-1xpz3xq-MuiTypography-root-MuiBreadcrumbs-root"
                >
                  <ol
                    class="MuiBreadcrumbs-ol css-4pdmu4-MuiBreadcrumbs-ol"
                  >
                    <li
                      class="MuiBreadcrumbs-li"
                    >
                      <div
                        class="MuiBox-root css-70qvj9"
                      >
                        <svg
                          aria-hidden="true"
                          class="MuiSvgIcon-root MuiSvgIcon-fontSizeMedium css-8ljajx-MuiSvgIcon-root"
                          data-testid="HomeOutlinedIcon"
                          focusable="false"
                          viewBox="0 0 24 24"
                        >
                          <path
                            d="m12 5.69 5 4.5V18h-2v-6H9v6H7v-7.81l5-4.5M12 3 2 12h3v8h6v-6h2v6h6v-8h3L12 3z"
                          />
                        </svg>
                      </div>
                    </li>
                    <li
                      aria-hidden="true"
                      class="MuiBreadcrumbs-separator css-1wuw8dw-MuiBreadcrumbs-separator"
                    >
                      <svg
                        aria-hidden="true"
                        class="MuiSvgIcon-root MuiSvgIcon-fontSizeSmall css-ptiqhd-MuiSvgIcon-root"
                        data-testid="NavigateNextIcon"
                        focusable="false"
                        viewBox="0 0 24 24"
                      >
                        <path
                          d="M10 6 8.59 7.41 13.17 12l-4.58 4.59L10 18l6-6z"
                        />
                      </svg>
                    </li>
                    <li
                      class="MuiBreadcrumbs-li"
                    >
                      <h6
                        class="MuiTypography-root MuiTypography-subtitle1 css-65a2cr-MuiTypography-root"
                      >
                        Organizações
                      </h6>
                    </li>
                    <li
                      aria-hidden="true"
                      class="MuiBreadcrumbs-separator css-1wuw8dw-MuiBreadcrumbs-separator"
                    >
                      <svg
                        aria-hidden="true"
                        class="MuiSvgIcon-root MuiSvgIcon-fontSizeSmall css-ptiqhd-MuiSvgIcon-root"
                        data-testid="NavigateNextIcon"
                        focusable="false"
                        viewBox="0 0 24 24"
                      >
                        <path
                          d="M10 6 8.59 7.41 13.17 12l-4.58 4.59L10 18l6-6z"
                        />
                      </svg>
                    </li>
                    <li
                      class="MuiBreadcrumbs-li"
                    >
                      <h6
                        class="MuiTypography-root MuiTypography-subtitle1 css-10wpov9-MuiTypography-root"
                      >
                        <a
                          href="/product"
                        >
                          product
                        </a>
                      </h6>
                    </li>
                    <li
                      aria-hidden="true"
                      class="MuiBreadcrumbs-separator css-1wuw8dw-MuiBreadcrumbs-separator"
                    >
                      <svg
                        aria-hidden="true"
                        class="MuiSvgIcon-root MuiSvgIcon-fontSizeSmall css-ptiqhd-MuiSvgIcon-root"
                        data-testid="NavigateNextIcon"
                        focusable="false"
                        viewBox="0 0 24 24"
                      >
                        <path
                          d="M10 6 8.59 7.41 13.17 12l-4.58 4.59L10 18l6-6z"
                        />
                      </svg>
                    </li>
                    <li
                      class="MuiBreadcrumbs-li"
                    >
                      <h6
                        class="MuiTypography-root MuiTypography-subtitle1 css-65a2cr-MuiTypography-root"
                      >
                        id
                      </h6>
                    </li>
                  </ol>
                </nav>
                <div
                  class="MuiBox-root css-19mtlry"
                />
              </div>
            </div>
          </div>
        </div>
        <div
          class="styles__RightSideArea-sc-1vn80o5-3 kQzEBF"
        />
      </div>
    </div>
  </body>,
  "container": <div>
    <div
      class="styles__LayoutGrid-sc-1vn80o5-0 imgYUJ"
    >
      <div
        class="styles__SideMenuArea-sc-1vn80o5-1 hhwMgH"
      >
        <div
          class="styles__Wrapper-sc-b15uhj-0 efyOnI"
        >
          <img
            class="styles__Logo-sc-b15uhj-3 yTGjF"
            height="30"
            src="/images/svg/logo.svg"
          />
          <div
            class="MuiBox-root css-10wzbhq"
          >
            <div
              aria-label="Seleção de Organização"
              class="styles__Wrapper-sc-13gge7k-0 PRxzx"
              data-mui-internal-clone-element="true"
            >
              <div
                class="styles__IconContainer-sc-13gge7k-1 iqhYai"
              >
                <div
                  class="MuiBox-root css-zl7mak"
                >
                  <div
                    class="MuiAvatar-root MuiAvatar-circular MuiAvatar-colorDefault css-12cgry1-MuiAvatar-root"
                  >
                    ?
                  </div>
                  <div
                    class="styles__IconContainer-sc-nul2ic-0 jxOkDc"
                  >
                    <svg
                      fill="currentColor"
                      height="1em"
                      stroke="currentColor"
                      stroke-width="0"
                      viewBox="0 0 16 16"
                      width="1em"
                      xmlns="http://www.w3.org/2000/svg"
                    >
                      <path
                        d="M3 0a1 1 0 0 0-1 1v14a1 1 0 0 0 1 1h3v-3.5a.5.5 0 0 1 .5-.5h3a.5.5 0 0 1 .5.5V16h3a1 1 0 0 0 1-1V1a1 1 0 0 0-1-1H3Zm1 2.5a.5.5 0 0 1 .5-.5h1a.5.5 0 0 1 .5.5v1a.5.5 0 0 1-.5.5h-1a.5.5 0 0 1-.5-.5v-1Zm3 0a.5.5 0 0 1 .5-.5h1a.5.5 0 0 1 .5.5v1a.5.5 0 0 1-.5.5h-1a.5.5 0 0 1-.5-.5v-1Zm3.5-.5h1a.5.5 0 0 1 .5.5v1a.5.5 0 0 1-.5.5h-1a.5.5 0 0 1-.5-.5v-1a.5.5 0 0 1 .5-.5ZM4 5.5a.5.5 0 0 1 .5-.5h1a.5.5 0 0 1 .5.5v1a.5.5 0 0 1-.5.5h-1a.5.5 0 0 1-.5-.5v-1ZM7.5 5h1a.5.5 0 0 1 .5.5v1a.5.5 0 0 1-.5.5h-1a.5.5 0 0 1-.5-.5v-1a.5.5 0 0 1 .5-.5Zm2.5.5a.5.5 0 0 1 .5-.5h1a.5.5 0 0 1 .5.5v1a.5.5 0 0 1-.5.5h-1a.5.5 0 0 1-.5-.5v-1ZM4.5 8h1a.5.5 0 0 1 .5.5v1a.5.5 0 0 1-.5.5h-1a.5.5 0 0 1-.5-.5v-1a.5.5 0 0 1 .5-.5Zm2.5.5a.5.5 0 0 1 .5-.5h1a.5.5 0 0 1 .5.5v1a.5.5 0 0 1-.5.5h-1a.5.5 0 0 1-.5-.5v-1Zm3.5-.5h1a.5.5 0 0 1 .5.5v1a.5.5 0 0 1-.5.5h-1a.5.5 0 0 1-.5-.5v-1a.5.5 0 0 1 .5-.5Z"
                      />
                    </svg>
                  </div>
                </div>
              </div>
              <div
                class="MuiBox-root css-ofjrfz"
              >
                Selecione a Organização
              </div>
              <div
                class="MuiBox-root css-1p2jtab"
              >
                <svg
                  fill="none"
                  height="1em"
                  stroke="currentColor"
                  stroke-linecap="round"
                  stroke-linejoin="round"
                  stroke-width="2"
                  viewBox="0 0 24 24"
                  width="1em"
                  xmlns="http://www.w3.org/2000/svg"
                >
                  <polyline
                    points="17 1 21 5 17 9"
                  />
                  <path
                    d="M3 11V9a4 4 0 0 1 4-4h14"
                  />
                  <polyline
                    points="7 23 3 19 7 15"
                  />
                  <path
                    d="M21 13v2a4 4 0 0 1-4 4H3"
                  />
                </svg>
              </div>
            </div>
          </div>
          <div
            class="MuiBox-root css-10wzbhq"
          >
            <div
              aria-label="Seleção de Produto"
              class="styles__Wrapper-sc-13gge7k-0 PRxzx"
              data-mui-internal-clone-element="true"
            >
              <div
                class="styles__IconContainer-sc-13gge7k-1 iqhYai"
              >
                <div
                  class="MuiBox-root css-zl7mak"
                >
                  <div
                    class="MuiAvatar-root MuiAvatar-circular MuiAvatar-colorDefault css-12cgry1-MuiAvatar-root"
                  >
                    ?
                  </div>
                  <div
                    class="styles__IconContainer-sc-nul2ic-0 jxOkDc"
                  >
                    <svg
                      fill="none"
                      height="1em"
                      stroke="currentColor"
                      stroke-linecap="round"
                      stroke-linejoin="round"
                      stroke-width="2"
                      viewBox="0 0 24 24"
                      width="1em"
                      xmlns="http://www.w3.org/2000/svg"
                    >
                      <path
                        d="M21 16V8a2 2 0 0 0-1-1.73l-7-4a2 2 0 0 0-2 0l-7 4A2 2 0 0 0 3 8v8a2 2 0 0 0 1 1.73l7 4a2 2 0 0 0 2 0l7-4A2 2 0 0 0 21 16z"
                      />
                      <polyline
                        points="3.27 6.96 12 12.01 20.73 6.96"
                      />
                      <line
                        x1="12"
                        x2="12"
                        y1="22.08"
                        y2="12"
                      />
                    </svg>
                  </div>
                </div>
              </div>
              <div
                class="MuiBox-root css-ofjrfz"
              >
                Selecione o Produto
              </div>
              <div
                class="MuiBox-root css-1p2jtab"
              >
                <svg
                  fill="none"
                  height="1em"
                  stroke="currentColor"
                  stroke-linecap="round"
                  stroke-linejoin="round"
                  stroke-width="2"
                  viewBox="0 0 24 24"
                  width="1em"
                  xmlns="http://www.w3.org/2000/svg"
                >
                  <polyline
                    points="17 1 21 5 17 9"
                  />
                  <path
                    d="M3 11V9a4 4 0 0 1 4-4h14"
                  />
                  <polyline
                    points="7 23 3 19 7 15"
                  />
                  <path
                    d="M21 13v2a4 4 0 0 1-4 4H3"
                  />
                </svg>
              </div>
            </div>
          </div>
          <div
            class="styles__CollapseButton-sc-b15uhj-2 kactQp"
          >
            <svg
              aria-hidden="true"
              class="MuiSvgIcon-root MuiSvgIcon-fontSizeLarge css-tzssek-MuiSvgIcon-root"
              data-testid="NavigateBeforeRoundedIcon"
              focusable="false"
              viewBox="0 0 24 24"
            >
              <path
                d="M14.91 6.71a.9959.9959 0 0 0-1.41 0L8.91 11.3c-.39.39-.39 1.02 0 1.41l4.59 4.59c.39.39 1.02.39 1.41 0 .39-.39.39-1.02 0-1.41L11.03 12l3.88-3.88c.38-.39.38-1.03 0-1.41z"
              />
            </svg>
          </div>
          <hr
            class="MuiDivider-root MuiDivider-fullWidth css-wblo9e-MuiDivider-root"
          />
          <div
            class="styles__ItemContainer-sc-b15uhj-1 hQkTLK"
          />
          <hr
            class="MuiDivider-root MuiDivider-fullWidth css-z005vp-MuiDivider-root"
          />
          <div
            class="MuiBox-root css-10wzbhq"
          >
            <div
              aria-label="Menu de usuário"
              class="styles__Wrapper-sc-13gge7k-0 PRxzx"
              data-mui-internal-clone-element="true"
            >
              <div
                class="styles__IconContainer-sc-13gge7k-1 iqhYai"
              >
                <div
                  class="MuiAvatar-root MuiAvatar-circular MuiAvatar-colorDefault css-382zf-MuiAvatar-root"
                >
                  <svg
                    aria-hidden="true"
                    class="MuiSvgIcon-root MuiSvgIcon-fontSizeMedium MuiAvatar-fallback css-10mi8st-MuiSvgIcon-root-MuiAvatar-fallback"
                    data-testid="PersonIcon"
                    focusable="false"
                    viewBox="0 0 24 24"
                  >
                    <path
                      d="M12 12c2.21 0 4-1.79 4-4s-1.79-4-4-4-4 1.79-4 4 1.79 4 4 4zm0 2c-2.67 0-8 1.34-8 4v2h16v-2c0-2.66-5.33-4-8-4z"
                    />
                  </svg>
                </div>
              </div>
              <div
                class="MuiBox-root css-ofjrfz"
              >
                ???
              </div>
              <div
                class="MuiBox-root css-1p2jtab"
              >
                <svg
                  fill="none"
                  font-size="28"
                  height="1em"
                  stroke="currentColor"
                  stroke-linecap="round"
                  stroke-linejoin="round"
                  stroke-width="2"
                  viewBox="0 0 24 24"
                  width="1em"
                  xmlns="http://www.w3.org/2000/svg"
                >
                  <polyline
                    points="9 18 15 12 9 6"
                  />
                </svg>
              </div>
            </div>
          </div>
        </div>
      </div>
      <div
        class="styles__MainContentArea-sc-1vn80o5-2 jdRHxL"
      >
        <div
          class="styles__Wrapper-sc-qmak3r-0 ijzQmD"
        >
          <div
            class="MuiContainer-root MuiContainer-maxWidthLg css-1oqqzyl-MuiContainer-root"
          >
            <div
              class="MuiBox-root css-j7qwjs"
            >
              <nav
                class="MuiTypography-root MuiTypography-body1 MuiBreadcrumbs-root css-1xpz3xq-MuiTypography-root-MuiBreadcrumbs-root"
              >
                <ol
                  class="MuiBreadcrumbs-ol css-4pdmu4-MuiBreadcrumbs-ol"
                >
                  <li
                    class="MuiBreadcrumbs-li"
                  >
                    <div
                      class="MuiBox-root css-70qvj9"
                    >
                      <svg
                        aria-hidden="true"
                        class="MuiSvgIcon-root MuiSvgIcon-fontSizeMedium css-8ljajx-MuiSvgIcon-root"
                        data-testid="HomeOutlinedIcon"
                        focusable="false"
                        viewBox="0 0 24 24"
                      >
                        <path
                          d="m12 5.69 5 4.5V18h-2v-6H9v6H7v-7.81l5-4.5M12 3 2 12h3v8h6v-6h2v6h6v-8h3L12 3z"
                        />
                      </svg>
                    </div>
                  </li>
                  <li
                    aria-hidden="true"
                    class="MuiBreadcrumbs-separator css-1wuw8dw-MuiBreadcrumbs-separator"
                  >
                    <svg
                      aria-hidden="true"
                      class="MuiSvgIcon-root MuiSvgIcon-fontSizeSmall css-ptiqhd-MuiSvgIcon-root"
                      data-testid="NavigateNextIcon"
                      focusable="false"
                      viewBox="0 0 24 24"
                    >
                      <path
                        d="M10 6 8.59 7.41 13.17 12l-4.58 4.59L10 18l6-6z"
                      />
                    </svg>
                  </li>
                  <li
                    class="MuiBreadcrumbs-li"
                  >
                    <h6
                      class="MuiTypography-root MuiTypography-subtitle1 css-65a2cr-MuiTypography-root"
                    >
                      Organizações
                    </h6>
                  </li>
                  <li
                    aria-hidden="true"
                    class="MuiBreadcrumbs-separator css-1wuw8dw-MuiBreadcrumbs-separator"
                  >
                    <svg
                      aria-hidden="true"
                      class="MuiSvgIcon-root MuiSvgIcon-fontSizeSmall css-ptiqhd-MuiSvgIcon-root"
                      data-testid="NavigateNextIcon"
                      focusable="false"
                      viewBox="0 0 24 24"
                    >
                      <path
                        d="M10 6 8.59 7.41 13.17 12l-4.58 4.59L10 18l6-6z"
                      />
                    </svg>
                  </li>
                  <li
                    class="MuiBreadcrumbs-li"
                  >
                    <h6
                      class="MuiTypography-root MuiTypography-subtitle1 css-10wpov9-MuiTypography-root"
                    >
                      <a
                        href="/product"
                      >
                        product
                      </a>
                    </h6>
                  </li>
                  <li
                    aria-hidden="true"
                    class="MuiBreadcrumbs-separator css-1wuw8dw-MuiBreadcrumbs-separator"
                  >
                    <svg
                      aria-hidden="true"
                      class="MuiSvgIcon-root MuiSvgIcon-fontSizeSmall css-ptiqhd-MuiSvgIcon-root"
                      data-testid="NavigateNextIcon"
                      focusable="false"
                      viewBox="0 0 24 24"
                    >
                      <path
                        d="M10 6 8.59 7.41 13.17 12l-4.58 4.59L10 18l6-6z"
                      />
                    </svg>
                  </li>
                  <li
                    class="MuiBreadcrumbs-li"
                  >
                    <h6
                      class="MuiTypography-root MuiTypography-subtitle1 css-65a2cr-MuiTypography-root"
                    >
                      id
                    </h6>
                  </li>
                </ol>
              </nav>
              <div
                class="MuiBox-root css-19mtlry"
              />
            </div>
          </div>
        </div>
      </div>
      <div
        class="styles__RightSideArea-sc-1vn80o5-3 kQzEBF"
      />
    </div>
  </div>,
  "debug": [Function],
  "findAllByAltText": [Function],
  "findAllByDisplayValue": [Function],
  "findAllByLabelText": [Function],
  "findAllByPlaceholderText": [Function],
  "findAllByRole": [Function],
  "findAllByTestId": [Function],
  "findAllByText": [Function],
  "findAllByTitle": [Function],
  "findByAltText": [Function],
  "findByDisplayValue": [Function],
  "findByLabelText": [Function],
  "findByPlaceholderText": [Function],
  "findByRole": [Function],
  "findByTestId": [Function],
  "findByText": [Function],
  "findByTitle": [Function],
  "getAllByAltText": [Function],
  "getAllByDisplayValue": [Function],
  "getAllByLabelText": [Function],
  "getAllByPlaceholderText": [Function],
  "getAllByRole": [Function],
  "getAllByTestId": [Function],
  "getAllByText": [Function],
  "getAllByTitle": [Function],
  "getByAltText": [Function],
  "getByDisplayValue": [Function],
  "getByLabelText": [Function],
  "getByPlaceholderText": [Function],
  "getByRole": [Function],
  "getByTestId": [Function],
  "getByText": [Function],
  "getByTitle": [Function],
  "queryAllByAltText": [Function],
  "queryAllByDisplayValue": [Function],
  "queryAllByLabelText": [Function],
  "queryAllByPlaceholderText": [Function],
  "queryAllByRole": [Function],
  "queryAllByTestId": [Function],
  "queryAllByText": [Function],
  "queryAllByTitle": [Function],
  "queryByAltText": [Function],
  "queryByDisplayValue": [Function],
  "queryByLabelText": [Function],
  "queryByPlaceholderText": [Function],
  "queryByRole": [Function],
  "queryByTestId": [Function],
  "queryByText": [Function],
  "queryByTitle": [Function],
  "rerender": [Function],
  "unmount": [Function],
}
`;
