// Jest Snapshot v1, https://goo.gl/fbAQLP

exports[`Iconify should match snapshot 1`] = `
<DocumentFragment>
  <span />
</DocumentFragment>
`;
