// Jest Snapshot v1, https://goo.gl/fbAQLP

exports[`<ReleaseGoals /> Snapshot Deve corresponder ao Snapshot 1`] = `
Object {
  "asFragment": [Function],
  "baseElement": <body>
    <div>
      <div
        class="styles__Header-sc-ki0fgv-0 dSqkRX"
      >
        <h1
          style="color: rgb(51, 86, 142); font-weight: 500;"
        >
          Planejamento de Release
        </h1>
        <h2
          style="color: rgb(51, 86, 142); font-weight: 300;"
        >
          Balancear a Meta de Qualidade
        </h2>
        <nav
          class="MuiTypography-root MuiTypography-body1 MuiBreadcrumbs-root css-1gui7g7-MuiTypography-root-MuiBreadcrumbs-root"
        >
          <ol
            class="MuiBreadcrumbs-ol css-4pdmu4-MuiBreadcrumbs-ol"
          >
            <li
              class="MuiBreadcrumbs-li"
            >
              <a
                class="MuiTypography-root MuiTypography-inherit MuiLink-root MuiLink-underlineAlways css-ae5t40-MuiTypography-root-MuiLink-root"
              >
                Criar Release
              </a>
            </li>
            <li
              aria-hidden="true"
              class="MuiBreadcrumbs-separator css-1wuw8dw-MuiBreadcrumbs-separator"
            >
              <span
                class="MuiBox-root css-1bi6evy"
              />
            </li>
            <li
              class="MuiBreadcrumbs-li"
            >
              <a
                class="MuiTypography-root MuiTypography-inherit MuiLink-root MuiLink-underlineAlways css-ae5t40-MuiTypography-root-MuiLink-root"
              >
                Definir configuração do modelo
              </a>
            </li>
            <li
              aria-hidden="true"
              class="MuiBreadcrumbs-separator css-1wuw8dw-MuiBreadcrumbs-separator"
            >
              <span
                class="MuiBox-root css-1bi6evy"
              />
            </li>
            <li
              class="MuiBreadcrumbs-li"
            >
              <a
                class="MuiTypography-root MuiTypography-inherit MuiLink-root MuiLink-underlineAlways css-46jzwd-MuiTypography-root-MuiLink-root"
              >
                Balancear Pesos
              </a>
            </li>
          </ol>
        </nav>
        <p>
          Nesta etapa é possível estabelecer metas para as características que serão observadas na release. É importante ressaltar que essas características de qualidade estão inter-relacionadas, ou seja, ao modificar a meta de uma característica, as demais também serão afetadas.
        </p>
        <p>
          Ao clicar em 'Permitir o balanceamento dinâmico', as alterações feitas em uma característica não afetarão automaticamente as demais, permitindo uma flexibilidade maior no planejamento da release.
        </p>
        <div
          class="MuiBox-root css-0"
        >
          <p
            class="MuiTypography-root MuiTypography-body1 css-1psv697-MuiTypography-root"
          >
            <span
              class="MuiButtonBase-root MuiCheckbox-root MuiCheckbox-colorPrimary MuiCheckbox-sizeMedium PrivateSwitchBase-root MuiCheckbox-root MuiCheckbox-colorPrimary MuiCheckbox-sizeMedium MuiCheckbox-root MuiCheckbox-colorPrimary MuiCheckbox-sizeMedium css-12cb8cj-MuiButtonBase-root-MuiCheckbox-root"
            >
              <input
                class="PrivateSwitchBase-input css-1m9pwf3"
                data-indeterminate="false"
                name="allowDynamicBalanceCheckbox"
                type="checkbox"
              />
              <svg
                aria-hidden="true"
                class="MuiSvgIcon-root MuiSvgIcon-fontSizeMedium css-i4bv87-MuiSvgIcon-root"
                data-testid="CheckBoxOutlineBlankIcon"
                focusable="false"
                viewBox="0 0 24 24"
              >
                <path
                  d="M19 5v14H5V5h14m0-2H5c-1.1 0-2 .9-2 2v14c0 1.1.9 2 2 2h14c1.1 0 2-.9 2-2V5c0-1.1-.9-2-2-2z"
                />
              </svg>
              <span
                class="MuiTouchRipple-root css-8je8zh-MuiTouchRipple-root"
              />
            </span>
            Permitir o balanceamento dinâmico
          </p>
        </div>
      </div>
      <div
        class="styles__Body-sc-ki0fgv-1 eTbEkS"
      >
        <div>
          <strong>
            asdasd
          </strong>
          <p>
            2022-09-18
             - 
            2022-09-25
          </p>
        </div>
        <div
          class="MuiBox-root css-ckc6o3"
        >
          <div
            class="MuiBox-root css-t0lfuy"
          >
            <div
              class="MuiBox-root css-xi606m"
            >
              <div
                class="MuiBox-root css-vycneo"
              >
                <span
                  class="MuiSlider-root MuiSlider-vertical MuiSlider-colorPrimary MuiSlider-sizeMedium css-y50uh2-MuiSlider-root"
                  data-testid="single-slider"
                >
                  <span
                    class="MuiSlider-rail css-qx5f9e-MuiSlider-rail"
                  />
                  <span
                    class="MuiSlider-track css-ada0pd-MuiSlider-track"
                    style="bottom: 0%; height: 50%;"
                  />
                  <span
                    class="MuiSlider-thumb MuiSlider-thumbSizeMedium MuiSlider-thumbColorPrimary MuiSlider-thumb MuiSlider-thumbSizeMedium MuiSlider-thumbColorPrimary css-y35fuw-MuiSlider-thumb"
                    data-index="0"
                    style="bottom: 50%;"
                  >
                    <input
                      aria-orientation="vertical"
                      aria-valuemax="100"
                      aria-valuemin="0"
                      aria-valuenow="50"
                      data-index="0"
                      max="100"
                      min="0"
                      step="1"
                      style="border: 0px; height: 100%; margin: -1px; overflow: hidden; padding: 0px; position: absolute; white-space: nowrap; width: 100%; direction: ltr;"
                      type="range"
                      value="50"
                    />
                  </span>
                </span>
              </div>
              <p
                class=""
                data-mui-internal-clone-element="true"
              >
                C
                1
              </p>
            </div>
            <div
              class="MuiBox-root css-xi606m"
            >
              <div
                class="MuiBox-root css-vycneo"
              >
                <span
                  class="MuiSlider-root MuiSlider-vertical MuiSlider-colorPrimary MuiSlider-sizeMedium css-y50uh2-MuiSlider-root"
                  data-testid="single-slider"
                >
                  <span
                    class="MuiSlider-rail css-qx5f9e-MuiSlider-rail"
                  />
                  <span
                    class="MuiSlider-track css-ada0pd-MuiSlider-track"
                    style="bottom: 0%; height: 50%;"
                  />
                  <span
                    class="MuiSlider-thumb MuiSlider-thumbSizeMedium MuiSlider-thumbColorPrimary MuiSlider-thumb MuiSlider-thumbSizeMedium MuiSlider-thumbColorPrimary css-y35fuw-MuiSlider-thumb"
                    data-index="0"
                    style="bottom: 50%;"
                  >
                    <input
                      aria-orientation="vertical"
                      aria-valuemax="100"
                      aria-valuemin="0"
                      aria-valuenow="50"
                      data-index="0"
                      max="100"
                      min="0"
                      step="1"
                      style="border: 0px; height: 100%; margin: -1px; overflow: hidden; padding: 0px; position: absolute; white-space: nowrap; width: 100%; direction: ltr;"
                      type="range"
                      value="50"
                    />
                  </span>
                </span>
              </div>
              <p
                class=""
                data-mui-internal-clone-element="true"
              >
                C
                2
              </p>
            </div>
          </div>
          <div
            class="styles__Labels-sc-duigeu-0 hcquOR"
          >
            <p
              data-testid="label"
            >
              C
              1
              : 
              reliability
            </p>
            <p
              data-testid="label"
            >
              C
              2
              : 
              maintainability
            </p>
          </div>
        </div>
      </div>
    </div>
  </body>,
  "container": <div>
    <div
      class="styles__Header-sc-ki0fgv-0 dSqkRX"
    >
      <h1
        style="color: rgb(51, 86, 142); font-weight: 500;"
      >
        Planejamento de Release
      </h1>
      <h2
        style="color: rgb(51, 86, 142); font-weight: 300;"
      >
        Balancear a Meta de Qualidade
      </h2>
      <nav
        class="MuiTypography-root MuiTypography-body1 MuiBreadcrumbs-root css-1gui7g7-MuiTypography-root-MuiBreadcrumbs-root"
      >
        <ol
          class="MuiBreadcrumbs-ol css-4pdmu4-MuiBreadcrumbs-ol"
        >
          <li
            class="MuiBreadcrumbs-li"
          >
            <a
              class="MuiTypography-root MuiTypography-inherit MuiLink-root MuiLink-underlineAlways css-ae5t40-MuiTypography-root-MuiLink-root"
            >
              Criar Release
            </a>
          </li>
          <li
            aria-hidden="true"
            class="MuiBreadcrumbs-separator css-1wuw8dw-MuiBreadcrumbs-separator"
          >
            <span
              class="MuiBox-root css-1bi6evy"
            />
          </li>
          <li
            class="MuiBreadcrumbs-li"
          >
            <a
              class="MuiTypography-root MuiTypography-inherit MuiLink-root MuiLink-underlineAlways css-ae5t40-MuiTypography-root-MuiLink-root"
            >
              Definir configuração do modelo
            </a>
          </li>
          <li
            aria-hidden="true"
            class="MuiBreadcrumbs-separator css-1wuw8dw-MuiBreadcrumbs-separator"
          >
            <span
              class="MuiBox-root css-1bi6evy"
            />
          </li>
          <li
            class="MuiBreadcrumbs-li"
          >
            <a
              class="MuiTypography-root MuiTypography-inherit MuiLink-root MuiLink-underlineAlways css-46jzwd-MuiTypography-root-MuiLink-root"
            >
              Balancear Pesos
            </a>
          </li>
        </ol>
      </nav>
      <p>
        Nesta etapa é possível estabelecer metas para as características que serão observadas na release. É importante ressaltar que essas características de qualidade estão inter-relacionadas, ou seja, ao modificar a meta de uma característica, as demais também serão afetadas.
      </p>
      <p>
        Ao clicar em 'Permitir o balanceamento dinâmico', as alterações feitas em uma característica não afetarão automaticamente as demais, permitindo uma flexibilidade maior no planejamento da release.
      </p>
      <div
        class="MuiBox-root css-0"
      >
        <p
          class="MuiTypography-root MuiTypography-body1 css-1psv697-MuiTypography-root"
        >
          <span
            class="MuiButtonBase-root MuiCheckbox-root MuiCheckbox-colorPrimary MuiCheckbox-sizeMedium PrivateSwitchBase-root MuiCheckbox-root MuiCheckbox-colorPrimary MuiCheckbox-sizeMedium MuiCheckbox-root MuiCheckbox-colorPrimary MuiCheckbox-sizeMedium css-12cb8cj-MuiButtonBase-root-MuiCheckbox-root"
          >
            <input
              class="PrivateSwitchBase-input css-1m9pwf3"
              data-indeterminate="false"
              name="allowDynamicBalanceCheckbox"
              type="checkbox"
            />
            <svg
              aria-hidden="true"
              class="MuiSvgIcon-root MuiSvgIcon-fontSizeMedium css-i4bv87-MuiSvgIcon-root"
              data-testid="CheckBoxOutlineBlankIcon"
              focusable="false"
              viewBox="0 0 24 24"
            >
              <path
                d="M19 5v14H5V5h14m0-2H5c-1.1 0-2 .9-2 2v14c0 1.1.9 2 2 2h14c1.1 0 2-.9 2-2V5c0-1.1-.9-2-2-2z"
              />
            </svg>
            <span
              class="MuiTouchRipple-root css-8je8zh-MuiTouchRipple-root"
            />
          </span>
          Permitir o balanceamento dinâmico
        </p>
      </div>
    </div>
    <div
      class="styles__Body-sc-ki0fgv-1 eTbEkS"
    >
      <div>
        <strong>
          asdasd
        </strong>
        <p>
          2022-09-18
           - 
          2022-09-25
        </p>
      </div>
      <div
        class="MuiBox-root css-ckc6o3"
      >
        <div
          class="MuiBox-root css-t0lfuy"
        >
          <div
            class="MuiBox-root css-xi606m"
          >
            <div
              class="MuiBox-root css-vycneo"
            >
              <span
                class="MuiSlider-root MuiSlider-vertical MuiSlider-colorPrimary MuiSlider-sizeMedium css-y50uh2-MuiSlider-root"
                data-testid="single-slider"
              >
                <span
                  class="MuiSlider-rail css-qx5f9e-MuiSlider-rail"
                />
                <span
                  class="MuiSlider-track css-ada0pd-MuiSlider-track"
                  style="bottom: 0%; height: 50%;"
                />
                <span
                  class="MuiSlider-thumb MuiSlider-thumbSizeMedium MuiSlider-thumbColorPrimary MuiSlider-thumb MuiSlider-thumbSizeMedium MuiSlider-thumbColorPrimary css-y35fuw-MuiSlider-thumb"
                  data-index="0"
                  style="bottom: 50%;"
                >
                  <input
                    aria-orientation="vertical"
                    aria-valuemax="100"
                    aria-valuemin="0"
                    aria-valuenow="50"
                    data-index="0"
                    max="100"
                    min="0"
                    step="1"
                    style="border: 0px; height: 100%; margin: -1px; overflow: hidden; padding: 0px; position: absolute; white-space: nowrap; width: 100%; direction: ltr;"
                    type="range"
                    value="50"
                  />
                </span>
              </span>
            </div>
            <p
              class=""
              data-mui-internal-clone-element="true"
            >
              C
              1
            </p>
          </div>
          <div
            class="MuiBox-root css-xi606m"
          >
            <div
              class="MuiBox-root css-vycneo"
            >
              <span
                class="MuiSlider-root MuiSlider-vertical MuiSlider-colorPrimary MuiSlider-sizeMedium css-y50uh2-MuiSlider-root"
                data-testid="single-slider"
              >
                <span
                  class="MuiSlider-rail css-qx5f9e-MuiSlider-rail"
                />
                <span
                  class="MuiSlider-track css-ada0pd-MuiSlider-track"
                  style="bottom: 0%; height: 50%;"
                />
                <span
                  class="MuiSlider-thumb MuiSlider-thumbSizeMedium MuiSlider-thumbColorPrimary MuiSlider-thumb MuiSlider-thumbSizeMedium MuiSlider-thumbColorPrimary css-y35fuw-MuiSlider-thumb"
                  data-index="0"
                  style="bottom: 50%;"
                >
                  <input
                    aria-orientation="vertical"
                    aria-valuemax="100"
                    aria-valuemin="0"
                    aria-valuenow="50"
                    data-index="0"
                    max="100"
                    min="0"
                    step="1"
                    style="border: 0px; height: 100%; margin: -1px; overflow: hidden; padding: 0px; position: absolute; white-space: nowrap; width: 100%; direction: ltr;"
                    type="range"
                    value="50"
                  />
                </span>
              </span>
            </div>
            <p
              class=""
              data-mui-internal-clone-element="true"
            >
              C
              2
            </p>
          </div>
        </div>
        <div
          class="styles__Labels-sc-duigeu-0 hcquOR"
        >
          <p
            data-testid="label"
          >
            C
            1
            : 
            reliability
          </p>
          <p
            data-testid="label"
          >
            C
            2
            : 
            maintainability
          </p>
        </div>
      </div>
    </div>
  </div>,
  "debug": [Function],
  "findAllByAltText": [Function],
  "findAllByDisplayValue": [Function],
  "findAllByLabelText": [Function],
  "findAllByPlaceholderText": [Function],
  "findAllByRole": [Function],
  "findAllByTestId": [Function],
  "findAllByText": [Function],
  "findAllByTitle": [Function],
  "findByAltText": [Function],
  "findByDisplayValue": [Function],
  "findByLabelText": [Function],
  "findByPlaceholderText": [Function],
  "findByRole": [Function],
  "findByTestId": [Function],
  "findByText": [Function],
  "findByTitle": [Function],
  "getAllByAltText": [Function],
  "getAllByDisplayValue": [Function],
  "getAllByLabelText": [Function],
  "getAllByPlaceholderText": [Function],
  "getAllByRole": [Function],
  "getAllByTestId": [Function],
  "getAllByText": [Function],
  "getAllByTitle": [Function],
  "getByAltText": [Function],
  "getByDisplayValue": [Function],
  "getByLabelText": [Function],
  "getByPlaceholderText": [Function],
  "getByRole": [Function],
  "getByTestId": [Function],
  "getByText": [Function],
  "getByTitle": [Function],
  "queryAllByAltText": [Function],
  "queryAllByDisplayValue": [Function],
  "queryAllByLabelText": [Function],
  "queryAllByPlaceholderText": [Function],
  "queryAllByRole": [Function],
  "queryAllByTestId": [Function],
  "queryAllByText": [Function],
  "queryAllByTitle": [Function],
  "queryByAltText": [Function],
  "queryByDisplayValue": [Function],
  "queryByLabelText": [Function],
  "queryByPlaceholderText": [Function],
  "queryByRole": [Function],
  "queryByTestId": [Function],
  "queryByText": [Function],
  "queryByTitle": [Function],
  "rerender": [Function],
  "unmount": [Function],
}
`;
