// Jest Snapshot v1, https://goo.gl/fbAQLP

exports[`<ReleasesList /> renders without crashing 1`] = `
<DocumentFragment>
  <div
    class="MuiBox-root css-m6nhw9"
  >
    <div
      class="styles__Wrapper-sc-f624tf-0 iOsGZA"
    >
      <div
        class="MuiContainer-root MuiContainer-maxWidthLg css-1oqqzyl-MuiContainer-root"
      >
        <h5
          class="MuiTypography-root MuiTypography-h5 css-3ta6hh-MuiTypography-root"
        >
          Ãšltima Release criada
        </h5>
        <div
          class="MuiTableContainer-root css-rorn0c-MuiTableContainer-root"
        >
          <table
            class="MuiTable-root css-rqglhn-MuiTable-root"
          >
            <thead
              class="MuiTableHead-root css-15wwp11-MuiTableHead-root"
            >
              <tr
                class="MuiTableRow-root MuiTableRow-head css-1q1u3t4-MuiTableRow-root"
              >
                <th
                  class="MuiTableCell-root MuiTableCell-head MuiTableCell-sizeMedium css-1ygcj2i-MuiTableCell-root"
                  scope="col"
                >
                  table.name
                </th>
                <th
                  class="MuiTableCell-root MuiTableCell-head MuiTableCell-sizeMedium css-1ygcj2i-MuiTableCell-root"
                  scope="col"
                >
                  table.startDate
                </th>
                <th
                  class="MuiTableCell-root MuiTableCell-head MuiTableCell-sizeMedium css-1ygcj2i-MuiTableCell-root"
                  scope="col"
                >
                  table.endDate
                </th>
                <th
                  class="MuiTableCell-root MuiTableCell-head MuiTableCell-sizeMedium css-1ygcj2i-MuiTableCell-root"
                  scope="col"
                >
                  table.details
                </th>
              </tr>
            </thead>
            <tbody
              class="MuiTableBody-root css-apqrd9-MuiTableBody-root"
            />
          </table>
        </div>
        <div
          class="MuiBox-root css-1aobbod"
        >
          <button
            class="MuiButtonBase-root MuiButton-root MuiButton-text MuiButton-textPrimary MuiButton-sizeMedium MuiButton-textSizeMedium MuiButton-colorPrimary MuiButton-root MuiButton-text MuiButton-textPrimary MuiButton-sizeMedium MuiButton-textSizeMedium MuiButton-colorPrimary css-1e6y48t-MuiButtonBase-root-MuiButton-root"
            data-testid="ver-mais-release"
            tabindex="0"
            type="button"
          >
            release.more
            <span
              class="MuiTouchRipple-root css-8je8zh-MuiTouchRipple-root"
            />
          </button>
        </div>
      </div>
    </div>
  </div>
</DocumentFragment>
`;
