// Jest Snapshot v1, https://goo.gl/fbAQLP

exports[`<ConfigPage /> Snapshot Deve corresponder ao Snapshot 1`] = `
Object {
  "asFragment": [Function],
  "baseElement": <body>
    <div>
      <div
        class="styles__Header-sc-vaumvh-0 iFflhE"
      >
        <h1
          style="color: rgb(51, 86, 142); font-weight: 500;"
        >
          Planejamento de Release
        </h1>
        <h2
          style="color: rgb(51, 86, 142); font-weight: 300;"
        >
          REPO_TITLE
        </h2>
        <nav
          class="MuiTypography-root MuiTypography-body1 MuiBreadcrumbs-root css-1gui7g7-MuiTypography-root-MuiBreadcrumbs-root"
        >
          <ol
            class="MuiBreadcrumbs-ol css-4pdmu4-MuiBreadcrumbs-ol"
          >
            <li
              class="MuiBreadcrumbs-li"
            >
              <a
                class="MuiTypography-root MuiTypography-inherit MuiLink-root MuiLink-underlineAlways css-ae5t40-MuiTypography-root-MuiLink-root"
              >
                Criar Release
              </a>
            </li>
            <li
              aria-hidden="true"
              class="MuiBreadcrumbs-separator css-1wuw8dw-MuiBreadcrumbs-separator"
            >
              <span
                class="MuiBox-root css-1bi6evy"
              />
            </li>
            <li
              class="MuiBreadcrumbs-li"
            >
              <a
                class="MuiTypography-root MuiTypography-inherit MuiLink-root MuiLink-underlineAlways css-46jzwd-MuiTypography-root-MuiLink-root"
              >
                Definir configuração do modelo
              </a>
            </li>
            <li
              aria-hidden="true"
              class="MuiBreadcrumbs-separator css-1wuw8dw-MuiBreadcrumbs-separator"
            >
              <span
                class="MuiBox-root css-1bi6evy"
              />
            </li>
            <li
              class="MuiBreadcrumbs-li"
            >
              <a
                class="MuiTypography-root MuiTypography-inherit MuiLink-root MuiLink-underlineAlways css-ae5t40-MuiTypography-root-MuiLink-root"
              >
                Balancear características
              </a>
            </li>
          </ol>
        </nav>
      </div>
      <div
        class="styles__Body-sc-vaumvh-1 bHcUfv"
      >
        <p>
          Por meio da pré-configuração são definidas quais características, subcaracterísticas e medidas serão consideradas para mensurar a qualidade do software analisado. Na pré-configuração também são definidos os pesos de cada uma das entidades definidas.
        </p>
        <span
          class="MuiSwitch-root MuiSwitch-sizeMedium css-julti5-MuiSwitch-root"
        >
          <span
            class="MuiButtonBase-root MuiSwitch-switchBase MuiSwitch-colorDefault PrivateSwitchBase-root MuiSwitch-switchBase MuiSwitch-colorDefault css-1i8lvs-MuiButtonBase-root-MuiSwitch-switchBase"
          >
            <input
              class="PrivateSwitchBase-input MuiSwitch-input css-1m9pwf3"
              type="checkbox"
            />
            <span
              class="MuiSwitch-thumb css-jsexje-MuiSwitch-thumb"
            />
            <span
              class="MuiTouchRipple-root css-8je8zh-MuiTouchRipple-root"
            />
          </span>
          <span
            class="MuiSwitch-track css-1yjjitx-MuiSwitch-track"
          />
        </span>
        Editar configurações
      </div>
      <div
        class="MuiBox-root css-2c3mdi"
      >
        <h6
          class="MuiTypography-root MuiTypography-h6 css-1xs8bbc-MuiTypography-root"
        >
          Definir os pesos das características
        </h6>
        <div
          class="MuiGrid-root MuiGrid-container css-s3g6yz-MuiGrid-root"
        />
        <div
          class="MuiBox-root css-0"
        />
      </div>
    </div>
  </body>,
  "container": <div>
    <div
      class="styles__Header-sc-vaumvh-0 iFflhE"
    >
      <h1
        style="color: rgb(51, 86, 142); font-weight: 500;"
      >
        Planejamento de Release
      </h1>
      <h2
        style="color: rgb(51, 86, 142); font-weight: 300;"
      >
        REPO_TITLE
      </h2>
      <nav
        class="MuiTypography-root MuiTypography-body1 MuiBreadcrumbs-root css-1gui7g7-MuiTypography-root-MuiBreadcrumbs-root"
      >
        <ol
          class="MuiBreadcrumbs-ol css-4pdmu4-MuiBreadcrumbs-ol"
        >
          <li
            class="MuiBreadcrumbs-li"
          >
            <a
              class="MuiTypography-root MuiTypography-inherit MuiLink-root MuiLink-underlineAlways css-ae5t40-MuiTypography-root-MuiLink-root"
            >
              Criar Release
            </a>
          </li>
          <li
            aria-hidden="true"
            class="MuiBreadcrumbs-separator css-1wuw8dw-MuiBreadcrumbs-separator"
          >
            <span
              class="MuiBox-root css-1bi6evy"
            />
          </li>
          <li
            class="MuiBreadcrumbs-li"
          >
            <a
              class="MuiTypography-root MuiTypography-inherit MuiLink-root MuiLink-underlineAlways css-46jzwd-MuiTypography-root-MuiLink-root"
            >
              Definir configuração do modelo
            </a>
          </li>
          <li
            aria-hidden="true"
            class="MuiBreadcrumbs-separator css-1wuw8dw-MuiBreadcrumbs-separator"
          >
            <span
              class="MuiBox-root css-1bi6evy"
            />
          </li>
          <li
            class="MuiBreadcrumbs-li"
          >
            <a
              class="MuiTypography-root MuiTypography-inherit MuiLink-root MuiLink-underlineAlways css-ae5t40-MuiTypography-root-MuiLink-root"
            >
              Balancear características
            </a>
          </li>
        </ol>
      </nav>
    </div>
    <div
      class="styles__Body-sc-vaumvh-1 bHcUfv"
    >
      <p>
        Por meio da pré-configuração são definidas quais características, subcaracterísticas e medidas serão consideradas para mensurar a qualidade do software analisado. Na pré-configuração também são definidos os pesos de cada uma das entidades definidas.
      </p>
      <span
        class="MuiSwitch-root MuiSwitch-sizeMedium css-julti5-MuiSwitch-root"
      >
        <span
          class="MuiButtonBase-root MuiSwitch-switchBase MuiSwitch-colorDefault PrivateSwitchBase-root MuiSwitch-switchBase MuiSwitch-colorDefault css-1i8lvs-MuiButtonBase-root-MuiSwitch-switchBase"
        >
          <input
            class="PrivateSwitchBase-input MuiSwitch-input css-1m9pwf3"
            type="checkbox"
          />
          <span
            class="MuiSwitch-thumb css-jsexje-MuiSwitch-thumb"
          />
          <span
            class="MuiTouchRipple-root css-8je8zh-MuiTouchRipple-root"
          />
        </span>
        <span
          class="MuiSwitch-track css-1yjjitx-MuiSwitch-track"
        />
      </span>
      Editar configurações
    </div>
    <div
      class="MuiBox-root css-2c3mdi"
    >
      <h6
        class="MuiTypography-root MuiTypography-h6 css-1xs8bbc-MuiTypography-root"
      >
        Definir os pesos das características
      </h6>
      <div
        class="MuiGrid-root MuiGrid-container css-s3g6yz-MuiGrid-root"
      />
      <div
        class="MuiBox-root css-0"
      />
    </div>
  </div>,
  "debug": [Function],
  "findAllByAltText": [Function],
  "findAllByDisplayValue": [Function],
  "findAllByLabelText": [Function],
  "findAllByPlaceholderText": [Function],
  "findAllByRole": [Function],
  "findAllByTestId": [Function],
  "findAllByText": [Function],
  "findAllByTitle": [Function],
  "findByAltText": [Function],
  "findByDisplayValue": [Function],
  "findByLabelText": [Function],
  "findByPlaceholderText": [Function],
  "findByRole": [Function],
  "findByTestId": [Function],
  "findByText": [Function],
  "findByTitle": [Function],
  "getAllByAltText": [Function],
  "getAllByDisplayValue": [Function],
  "getAllByLabelText": [Function],
  "getAllByPlaceholderText": [Function],
  "getAllByRole": [Function],
  "getAllByTestId": [Function],
  "getAllByText": [Function],
  "getAllByTitle": [Function],
  "getByAltText": [Function],
  "getByDisplayValue": [Function],
  "getByLabelText": [Function],
  "getByPlaceholderText": [Function],
  "getByRole": [Function],
  "getByTestId": [Function],
  "getByText": [Function],
  "getByTitle": [Function],
  "queryAllByAltText": [Function],
  "queryAllByDisplayValue": [Function],
  "queryAllByLabelText": [Function],
  "queryAllByPlaceholderText": [Function],
  "queryAllByRole": [Function],
  "queryAllByTestId": [Function],
  "queryAllByText": [Function],
  "queryAllByTitle": [Function],
  "queryByAltText": [Function],
  "queryByDisplayValue": [Function],
  "queryByLabelText": [Function],
  "queryByPlaceholderText": [Function],
  "queryByRole": [Function],
  "queryByTestId": [Function],
  "queryByText": [Function],
  "queryByTitle": [Function],
  "rerender": [Function],
  "unmount": [Function],
}
`;
