// Jest Snapshot v1, https://goo.gl/fbAQLP

exports[`Products Snapshot Deve corresponder ao Snapshot 1`] = `
Object {
  "asFragment": [Function],
  "baseElement": <body>
    <div>
      <div
        class="MuiContainer-root MuiContainer-maxWidthLg css-1oqqzyl-MuiContainer-root"
        style="width: 100%;"
      >
        <div
          class="MuiBox-root css-av4yu3"
        >
          <div
            class="MuiBox-root css-g8qhew"
            data-testid="organization-box"
            style="max-height: 120px;"
          >
            <div
              class="MuiBox-root css-o4ooe"
              style="gap: 1rem; padding: 0px; margin-left: -36px; box-sizing: border-box;"
            />
          </div>
          <div
            class="MuiBox-root css-0"
            style="border: 1px solid #113d4c; border-radius: 10px; box-sizing: border-box;"
          >
             
            <div
              class="MuiBox-root css-j7qwjs"
            >
              <div
                class="MuiBox-root css-z5fpi6"
              >
                <div
                  class="MuiBox-root css-0"
                >
                  <span
                    class="MuiSkeleton-root MuiSkeleton-text MuiSkeleton-pulse css-1e1x4vv-MuiSkeleton-root"
                    style="width: 300px; height: 65px;"
                  />
                </div>
              </div>
              <div
                class="MuiBox-root css-1182l2u"
              >
                <div
                  class="MuiBox-root css-lvyu5j"
                >
                  <span
                    class="MuiSkeleton-root MuiSkeleton-text MuiSkeleton-pulse css-1e1x4vv-MuiSkeleton-root"
                    style="width: 250px; height: 60px;"
                  />
                </div>
                <span
                  class="MuiSkeleton-root MuiSkeleton-circular MuiSkeleton-pulse css-wkdwxb-MuiSkeleton-root"
                  style="width: 40px; height: 40px;"
                />
              </div>
            </div>
             
          </div>
        </div>
      </div>
    </div>
  </body>,
  "container": <div>
    <div
      class="MuiContainer-root MuiContainer-maxWidthLg css-1oqqzyl-MuiContainer-root"
      style="width: 100%;"
    >
      <div
        class="MuiBox-root css-av4yu3"
      >
        <div
          class="MuiBox-root css-g8qhew"
          data-testid="organization-box"
          style="max-height: 120px;"
        >
          <div
            class="MuiBox-root css-o4ooe"
            style="gap: 1rem; padding: 0px; margin-left: -36px; box-sizing: border-box;"
          />
        </div>
        <div
          class="MuiBox-root css-0"
          style="border: 1px solid #113d4c; border-radius: 10px; box-sizing: border-box;"
        >
           
          <div
            class="MuiBox-root css-j7qwjs"
          >
            <div
              class="MuiBox-root css-z5fpi6"
            >
              <div
                class="MuiBox-root css-0"
              >
                <span
                  class="MuiSkeleton-root MuiSkeleton-text MuiSkeleton-pulse css-1e1x4vv-MuiSkeleton-root"
                  style="width: 300px; height: 65px;"
                />
              </div>
            </div>
            <div
              class="MuiBox-root css-1182l2u"
            >
              <div
                class="MuiBox-root css-lvyu5j"
              >
                <span
                  class="MuiSkeleton-root MuiSkeleton-text MuiSkeleton-pulse css-1e1x4vv-MuiSkeleton-root"
                  style="width: 250px; height: 60px;"
                />
              </div>
              <span
                class="MuiSkeleton-root MuiSkeleton-circular MuiSkeleton-pulse css-wkdwxb-MuiSkeleton-root"
                style="width: 40px; height: 40px;"
              />
            </div>
          </div>
           
        </div>
      </div>
    </div>
  </div>,
  "debug": [Function],
  "findAllByAltText": [Function],
  "findAllByDisplayValue": [Function],
  "findAllByLabelText": [Function],
  "findAllByPlaceholderText": [Function],
  "findAllByRole": [Function],
  "findAllByTestId": [Function],
  "findAllByText": [Function],
  "findAllByTitle": [Function],
  "findByAltText": [Function],
  "findByDisplayValue": [Function],
  "findByLabelText": [Function],
  "findByPlaceholderText": [Function],
  "findByRole": [Function],
  "findByTestId": [Function],
  "findByText": [Function],
  "findByTitle": [Function],
  "getAllByAltText": [Function],
  "getAllByDisplayValue": [Function],
  "getAllByLabelText": [Function],
  "getAllByPlaceholderText": [Function],
  "getAllByRole": [Function],
  "getAllByTestId": [Function],
  "getAllByText": [Function],
  "getAllByTitle": [Function],
  "getByAltText": [Function],
  "getByDisplayValue": [Function],
  "getByLabelText": [Function],
  "getByPlaceholderText": [Function],
  "getByRole": [Function],
  "getByTestId": [Function],
  "getByText": [Function],
  "getByTitle": [Function],
  "queryAllByAltText": [Function],
  "queryAllByDisplayValue": [Function],
  "queryAllByLabelText": [Function],
  "queryAllByPlaceholderText": [Function],
  "queryAllByRole": [Function],
  "queryAllByTestId": [Function],
  "queryAllByText": [Function],
  "queryAllByTitle": [Function],
  "queryByAltText": [Function],
  "queryByDisplayValue": [Function],
  "queryByLabelText": [Function],
  "queryByPlaceholderText": [Function],
  "queryByRole": [Function],
  "queryByTestId": [Function],
  "queryByText": [Function],
  "queryByTitle": [Function],
  "rerender": [Function],
  "unmount": [Function],
}
`;
